[UnityConnectServicesConfig] Local config successfully read: "C:/ProgramData/Unity/config/services-config.json"
[UnityConnectServicesConfig] Service configuration:
    "servicesConfigBaseUrl": "",
    "disableServicesWindow": false,
    "disableUserLogin": false,
    "entitlementCacheTimeoutInSeconds": 60,
    "clientConnectTimeoutSec": 60,
    "clientHandshakeTimeoutSec": 30,
    "clientResolveEntitlementsTimeoutSec": 30,
    "clientUpdateLicenseTimeoutSec": 30,
    "licensingServiceBaseUrl": "",
    "enableProxyAutoconfig": "false"

[Licensing::Module] Trying to connect to existing licensing client channel...
Built from '6000.3/respin/6000.3.5f1-a1ec4b2f2d19' branch; Version is '6000.3.5f2 (3fa8bc678cb0) revision 4171964'; Using compiler version '194234433'; Build Type 'Release'
OS: 'Windows 11  (10.0.26100) Education' Language: 'fr' Physical Memory: 32481 MB
BatchMode: 1, IsHumanControllingUs: 0, StartBugReporterOnCrash: 0, Is64bit: 1
[Licensing::IpcConnector] Successfully connected to: "LicenseClient-e2536561" at "2026-04-08T16:57:53.8393995Z"
System  architecture: x64
Process architecture: x64
Date: 2026-04-08T16:57:53Z

COMMAND LINE ARGUMENTS:
C:\Program Files\Unity\Hub\Editor\6000.3.5f2\Editor\Unity.exe
-adb2
-batchMode
-noUpm
-name
AssetImportWorker0
-projectPath
C:/Users/e2536561/Documents/Blaise_Adriano_TravailPratique/TP2
-logFile
Logs/AssetImportWorker0.log
-srvPort
51959
-licensingIpc
LicenseClient-e2536561
-job-worker-count
9
-background-job-worker-count
8
-gc-helper-count
1
-name
AssetImport
Successfully changed project path to: C:/Users/e2536561/Documents/Blaise_Adriano_TravailPratique/TP2
C:/Users/e2536561/Documents/Blaise_Adriano_TravailPratique/TP2
[UnityMemory] Configuration Parameters - Can be set up in boot.config
    "memorysetup-temp-allocator-size-nav-mesh-worker=65536"
    "memorysetup-temp-allocator-size-audio-worker=65536"
    "memorysetup-temp-allocator-size-gfx=262144"
    "memorysetup-allocator-temp-initial-block-size-main=262144"
    "memorysetup-allocator-temp-initial-block-size-worker=262144"
    "memorysetup-temp-allocator-size-background-worker=32768"
    "memorysetup-temp-allocator-size-job-worker=262144"
    "memorysetup-temp-allocator-size-preload-manager=33554432"
    "memorysetup-temp-allocator-size-gi-baking-worker=262144"
    "memorysetup-temp-allocator-size-gi-baking-worker=262144"
    "memorysetup-temp-allocator-size-gi-baking-worker=262144"
    "memorysetup-temp-allocator-size-gi-baking-worker=262144"
    "memorysetup-temp-allocator-size-gi-baking-worker=262144"
    "memorysetup-bucket-allocator-granularity=16"
    "memorysetup-bucket-allocator-bucket-count=8"
    "memorysetup-bucket-allocator-block-size=33554432"
    "memorysetup-bucket-allocator-block-count=8"
    "memorysetup-main-allocator-block-size=16777216"
    "memorysetup-thread-allocator-block-size=16777216"
    "memorysetup-gfx-main-allocator-block-size=16777216"
    "memorysetup-gfx-thread-allocator-block-size=16777216"
    "memorysetup-cache-allocator-block-size=4194304"
    "memorysetup-typetree-allocator-block-size=2097152"
    "memorysetup-profiler-bucket-allocator-granularity=16"
    "memorysetup-profiler-bucket-allocator-bucket-count=8"
    "memorysetup-profiler-bucket-allocator-block-size=33554432"
    "memorysetup-profiler-bucket-allocator-block-count=8"
    "memorysetup-profiler-allocator-block-size=16777216"
    "memorysetup-profiler-editor-allocator-block-size=1048576"
    "memorysetup-temp-allocator-size-main=16777216"
    "memorysetup-job-temp-allocator-block-size=2097152"
    "memorysetup-job-temp-allocator-block-size-background=1048576"
    "memorysetup-job-temp-allocator-reduction-small-platforms=262144"
    "memorysetup-temp-allocator-size-cloud-worker=32768"
Player connection [17292]  Target information:

Player connection [17292]  * "[IP] 10.40.73.18 [Port] 0 [Flags] 2 [Guid] 1401485242 [EditorId] 1401485242 [Version] 1048832 [Id] WindowsEditor(7,F3011-06) [Debug] 1 [PackageName] WindowsEditor [ProjectName] Editor" 

Player connection [17292] Host joined multi-casting on [225.0.0.222:54997]...
Player connection [17292] Host joined alternative multi-casting on [225.0.0.222:34997]...
JobSystem: Creating JobQueue using job-worker-count value 9
Input System module state changed to: Initialized.
[Physics::Module] Initialized fallback backend.
[Physics::Module] Id: 0xdecafbad
Library Redirect Path: Library/
[Physics::Module] Selected backend.
[Physics::Module] Name: PhysX
[Physics::Module] Id: 0xf2b8ea05
[Physics::Module] SDK Version: 4.1.2
[Physics::Module] Integration Version: 1.0.0
[Physics::Module] Threading Mode: Multi-Threaded
Refreshing native plugins compatible for Editor in 3.27 ms, found 4 plugins.
Preloading 0 native plugins for Editor in 0.00 ms.
Initialize engine version: 6000.3.5f2 (3fa8bc678cb0)
[Subsystems] Discovering subsystems at path C:/Program Files/Unity/Hub/Editor/6000.3.5f2/Editor/Data/Resources/UnitySubsystems
[Subsystems] Discovering subsystems at path C:/Users/e2536561/Documents/Blaise_Adriano_TravailPratique/TP2/Assets
GfxDevice: creating device client; kGfxThreadingModeNonThreaded
Direct3D:
    Version:  Direct3D 11.0 [level 11.1]
    Renderer: NVIDIA GeForce RTX 3070 (ID=0x2488)
    Vendor:   NVIDIA
    VRAM:     8018 MB
    Driver:   32.0.15.8157
Initialize mono
Mono path[0] = 'C:/Program Files/Unity/Hub/Editor/6000.3.5f2/Editor/Data/Managed'
Mono path[1] = 'C:/Program Files/Unity/Hub/Editor/6000.3.5f2/Editor/Data/MonoBleedingEdge/lib/mono/unityjit-win32'
Mono config path = 'C:/Program Files/Unity/Hub/Editor/6000.3.5f2/Editor/Data/MonoBleedingEdge/etc'
Using monoOptions --debugger-agent=transport=dt_socket,embedding=1,server=y,suspend=n,address=127.0.0.1:56068
Begin MonoManager ReloadAssembly
Registering precompiled unity dll's ...
Register platform support module: C:/Program Files/Unity/Hub/Editor/6000.3.5f2/Editor/Data/PlaybackEngines/WebGLSupport/UnityEditor.WebGL.Extensions.dll
Register platform support module: C:/Program Files/Unity/Hub/Editor/6000.3.5f2/Editor/Data/PlaybackEngines/WindowsStandaloneSupport/UnityEditor.WindowsStandalone.Extensions.dll
Registered in 0.002387 seconds.
- Loaded All Assemblies, in  0.461 seconds
Native extension for WindowsStandalone target not found
Native extension for WebGL target not found
[Licensing::Client] Handshaking with LicensingClient:
  Version:                 1.17.4+4293ba1
  Session Id:              0bee1c9f6e3342c0b35b61187a695074
  Correlation Id:          f11f973ef7f2d2842504ee3e2724b1e4
  External correlation Id: 8231333281866489062
  Machine Id:              jpVUHnn3q0jwkelLBWG6r8FRmkQ=
[Licensing::Module] Successfully connected to LicensingClient on channel: "LicenseClient-e2536561" (connect: 0.00s, validation: 0.00s, handshake: 1.14s)
[Licensing::IpcConnector] Successfully connected to: "LicenseClient-e2536561-notifications" at "2026-04-08T16:57:54.9766841Z"
[Licensing::Module] Licensing Background thread has ended after 1.14s
ScheduleIndexationOnStartup MainProcess:False IndexOnStartup:True
Mono: successfully reloaded assembly
- Finished resetting the current domain, in  0.468 seconds
Domain Reload Profiling: 925ms
	BeginReloadAssembly (145ms)
		ExecutionOrderSort (0ms)
		DisableScriptedObjects (0ms)
		BackupInstance (0ms)
		ReleaseScriptingObjects (0ms)
		CreateAndSetChildDomain (1ms)
	RebuildCommonClasses (40ms)
	RebuildNativeTypeToScriptingClass (14ms)
	initialDomainReloadingComplete (53ms)
	LoadAllAssembliesAndSetupDomain (204ms)
		LoadAssemblies (142ms)
		RebuildTransferFunctionScriptingTraits (0ms)
		AnalyzeDomain (201ms)
			TypeCache.Refresh (199ms)
				TypeCache.ScanAssembly (181ms)
			BuildScriptInfoCaches (0ms)
			ResolveRequiredComponents (0ms)
	FinalizeReload (468ms)
		ReleaseScriptCaches (0ms)
		RebuildScriptCaches (0ms)
		SetupLoadedEditorAssemblies (408ms)
			LogAssemblyErrors (0ms)
			InitializePlatformSupportModulesInManaged (60ms)
			SetLoadedEditorAssemblies (4ms)
			BeforeProcessingInitializeOnLoad (94ms)
			ProcessInitializeOnLoadAttributes (168ms)
			ProcessInitializeOnLoadMethodAttributes (82ms)
			AfterProcessingInitializeOnLoad (0ms)
			EditorAssembliesLoaded (0ms)
		ExecutionOrderSort2 (0ms)
		AwakeInstancesAfterBackupRestoration (0ms)
========================================================================
Worker process is ready to serve import requests
Import Worker Mode flag is 0x00
Begin MonoManager ReloadAssembly
[Licensing::Client] Successfully resolved entitlement details
[Licensing::Module] License group:
  Id: E4-CW96-T36H-CVPV-MP6Y-XXXX
  Product: Unity Education
  Type: ULF
  Expiration: 2026-08-21T13:50:40Z
- Loaded All Assemblies, in  0.890 seconds
Refreshing native plugins compatible for Editor in 1.55 ms, found 4 plugins.
Native extension for WindowsStandalone target not found
Native extension for WebGL target not found
Package Manager log level set to [2]
[Package Manager] Failed to launch server process. Reason: Unity was launched with the -noUpm command-line argument
[Package Manager] Unable to send message (not connected to server process).
[Package Manager] Cannot connect to Unity Package Manager local server
ScheduleIndexationOnStartup MainProcess:False IndexOnStartup:True
Mono: successfully reloaded assembly
- Finished resetting the current domain, in  0.826 seconds
Domain Reload Profiling: 1709ms
	BeginReloadAssembly (213ms)
		ExecutionOrderSort (0ms)
		DisableScriptedObjects (7ms)
		BackupInstance (0ms)
		ReleaseScriptingObjects (0ms)
		CreateAndSetChildDomain (38ms)
	RebuildCommonClasses (43ms)
	RebuildNativeTypeToScriptingClass (15ms)
	initialDomainReloadingComplete (45ms)
	LoadAllAssembliesAndSetupDomain (567ms)
		LoadAssemblies (383ms)
		RebuildTransferFunctionScriptingTraits (0ms)
		AnalyzeDomain (301ms)
			TypeCache.Refresh (202ms)
				TypeCache.ScanAssembly (185ms)
			BuildScriptInfoCaches (84ms)
			ResolveRequiredComponents (12ms)
	FinalizeReload (826ms)
		ReleaseScriptCaches (0ms)
		RebuildScriptCaches (0ms)
		SetupLoadedEditorAssemblies (680ms)
			LogAssemblyErrors (0ms)
			InitializePlatformSupportModulesInManaged (2ms)
			SetLoadedEditorAssemblies (6ms)
			BeforeProcessingInitializeOnLoad (154ms)
			ProcessInitializeOnLoadAttributes (385ms)
			ProcessInitializeOnLoadMethodAttributes (127ms)
			AfterProcessingInitializeOnLoad (6ms)
			EditorAssembliesLoaded (0ms)
		ExecutionOrderSort2 (0ms)
		AwakeInstancesAfterBackupRestoration (7ms)
Launched and connected shader compiler UnityShaderCompiler.exe after 0.02 seconds
Refreshing native plugins compatible for Editor in 1.72 ms, found 4 plugins.
Preloading 0 native plugins for Editor in 0.00 ms.
Unloading 16 Unused Serialized files (Serialized files now loaded: 0)
Unloading 6944 unused Assets / (5.0 MB). Loaded Objects now: 7776.
Memory consumption went from 157.8 MB to 152.8 MB.
Total: 10.278200 ms (FindLiveObjects: 1.018900 ms CreateObjectMapping: 1.340400 ms MarkObjects: 5.149300 ms  DeleteObjects: 2.768400 ms)

========================================================================
Received Import Request.
  Time since last request: 51740.214784 seconds.
  path: Assets/kenney_pixel-platformer/Preview.png
  artifactKey: Guid(91bc3f2b4dec67a4688bc8fca0e2ceff) Importer(815301076,1909f56bfc062723c751e8b465ee728b)
Start importing Assets/kenney_pixel-platformer/Preview.png using Guid(91bc3f2b4dec67a4688bc8fca0e2ceff) Importer(815301076,1909f56bfc062723c751e8b465ee728b) (PreviewImporter) -> (artifact id: '408a1878c498be50e82afb0564d8f881') in 0.0818588 seconds
Number of updated asset objects reloaded before import = 0Number of asset objects unloaded after import = 3

========================================================================
Received Import Request.
  Time since last request: 0.802146 seconds.
  path: Assets/kenney_pixel-platformer/SampleB.png
  artifactKey: Guid(90eb3a55b3b7fc949bbc02b3b6cd47c5) Importer(815301076,1909f56bfc062723c751e8b465ee728b)
Start importing Assets/kenney_pixel-platformer/SampleB.png using Guid(90eb3a55b3b7fc949bbc02b3b6cd47c5) Importer(815301076,1909f56bfc062723c751e8b465ee728b) (PreviewImporter) -> (artifact id: '60fdf8e11296920ee0fd9e5bc545817e') in 0.0214869 seconds
Number of updated asset objects reloaded before import = 0Number of asset objects unloaded after import = 3

========================================================================
Received Import Request.
  Time since last request: 1.716064 seconds.
  path: Assets/kenney_pixel-platformer/Tilesheet (Backgrounds).txt
  artifactKey: Guid(da07fc405126cb1428510de2fd53e612) Importer(815301076,1909f56bfc062723c751e8b465ee728b)
Start importing Assets/kenney_pixel-platformer/Tilesheet (Backgrounds).txt using Guid(da07fc405126cb1428510de2fd53e612) Importer(815301076,1909f56bfc062723c751e8b465ee728b) (PreviewImporter) -> (artifact id: '676fae2cf4e4d19607d9ce73ccb22229') in 0.0009504 seconds
Number of updated asset objects reloaded before import = 0Number of asset objects unloaded after import = 1

========================================================================
Received Import Request.
  Time since last request: 3.440369 seconds.
  path: Assets/kenney_pixel-platformer/Tiles
  artifactKey: Guid(8109ab671c672bd44a77eb95d66b5175) Importer(815301076,1909f56bfc062723c751e8b465ee728b)
Start importing Assets/kenney_pixel-platformer/Tiles using Guid(8109ab671c672bd44a77eb95d66b5175) Importer(815301076,1909f56bfc062723c751e8b465ee728b) (PreviewImporter) -> (artifact id: '6b36dbd452979fcc4f1297ca48ef97ca') in 0.0005199 seconds
Number of updated asset objects reloaded before import = 0Number of asset objects unloaded after import = 0

========================================================================
Received Import Request.
  Time since last request: 6.568275 seconds.
  path: Assets/kenney_pixel-platformer/Tilemap/tilemap-backgrounds.png
  artifactKey: Guid(6ff45ad88bcddbd48a207748f73196b4) Importer(815301076,1909f56bfc062723c751e8b465ee728b)
Start importing Assets/kenney_pixel-platformer/Tilemap/tilemap-backgrounds.png using Guid(6ff45ad88bcddbd48a207748f73196b4) Importer(815301076,1909f56bfc062723c751e8b465ee728b) (PreviewImporter) -> (artifact id: '7fc668ac0b1045032223b39beec93000') in 0.3362058 seconds
Number of updated asset objects reloaded before import = 0Number of asset objects unloaded after import = 26

========================================================================
Received Import Request.
  Time since last request: 3.818951 seconds.
  path: Assets/kenney_pixel-platformer/Tilemap/tilemap-backgrounds_packed.png
  artifactKey: Guid(dba66ca609e04a445bdb4b143a63a7d5) Importer(815301076,1909f56bfc062723c751e8b465ee728b)
Start importing Assets/kenney_pixel-platformer/Tilemap/tilemap-backgrounds_packed.png using Guid(dba66ca609e04a445bdb4b143a63a7d5) Importer(815301076,1909f56bfc062723c751e8b465ee728b) (PreviewImporter) -> (artifact id: '31ed70493f09afef674f3ef0dcd1be42') in 0.0192215 seconds
Number of updated asset objects reloaded before import = 0Number of asset objects unloaded after import = 3

========================================================================
Received Import Request.
  Time since last request: 2.734240 seconds.
  path: Assets/kenney_pixel-platformer/Tilemap/tilemap-characters.png
  artifactKey: Guid(e1c40fd01b0321f4590b9fb3447e7567) Importer(815301076,1909f56bfc062723c751e8b465ee728b)
Start importing Assets/kenney_pixel-platformer/Tilemap/tilemap-characters.png using Guid(e1c40fd01b0321f4590b9fb3447e7567) Importer(815301076,1909f56bfc062723c751e8b465ee728b) (PreviewImporter) -> (artifact id: '2eca8fc5d87da6c24a956ed665954b33') in 0.3601349 seconds
Number of updated asset objects reloaded before import = 0Number of asset objects unloaded after import = 29

========================================================================
Received Import Request.
  Time since last request: 2.877124 seconds.
  path: Assets/kenney_pixel-platformer/Tilemap/tilemap-characters_packed.png
  artifactKey: Guid(dfee229f1dbc8324284b6be783a1f6c4) Importer(815301076,1909f56bfc062723c751e8b465ee728b)
Start importing Assets/kenney_pixel-platformer/Tilemap/tilemap-characters_packed.png using Guid(dfee229f1dbc8324284b6be783a1f6c4) Importer(815301076,1909f56bfc062723c751e8b465ee728b) (PreviewImporter) -> (artifact id: '8cda3f87831feb65766bdceb82beec9d') in 0.2703739 seconds
Number of updated asset objects reloaded before import = 0Number of asset objects unloaded after import = 27

========================================================================
Received Import Request.
  Time since last request: 5.638753 seconds.
  path: Assets/kenney_pixel-platformer/Tilemap/tilemap.png
  artifactKey: Guid(f0a59759e40aa09428040a8e97750ce4) Importer(815301076,1909f56bfc062723c751e8b465ee728b)
Start importing Assets/kenney_pixel-platformer/Tilemap/tilemap.png using Guid(f0a59759e40aa09428040a8e97750ce4) Importer(815301076,1909f56bfc062723c751e8b465ee728b) (PreviewImporter) -> (artifact id: '2a003f679f4453b325d4fb57359a8ee1') in 0.4840911 seconds
Number of updated asset objects reloaded before import = 0Number of asset objects unloaded after import = 182

========================================================================
Received Import Request.
  Time since last request: 1.516582 seconds.
  path: Assets/kenney_pixel-platformer/Tilemap/tilemap_packed.png
  artifactKey: Guid(88c7437545666604f8309516225d9193) Importer(815301076,1909f56bfc062723c751e8b465ee728b)
Start importing Assets/kenney_pixel-platformer/Tilemap/tilemap_packed.png using Guid(88c7437545666604f8309516225d9193) Importer(815301076,1909f56bfc062723c751e8b465ee728b) (PreviewImporter) -> (artifact id: '5d330159633ae01bb0bafd082b32712e') in 0.0334862 seconds
Number of updated asset objects reloaded before import = 0Number of asset objects unloaded after import = 23

========================================================================
Received Import Request.
  Time since last request: 9.945421 seconds.
  path: Assets/kenney_pixel-platformer/Tiles/tile_0000.png
  artifactKey: Guid(25518295733a32c47a5a15b2fc50fec3) Importer(815301076,1909f56bfc062723c751e8b465ee728b)
Start importing Assets/kenney_pixel-platformer/Tiles/tile_0000.png using Guid(25518295733a32c47a5a15b2fc50fec3) Importer(815301076,1909f56bfc062723c751e8b465ee728b) (PreviewImporter) -> (artifact id: '5881408770cf6cbed279877a419f8275') in 0.0916945 seconds
Number of updated asset objects reloaded before import = 0Number of asset objects unloaded after import = 3

========================================================================
Received Import Request.
  Time since last request: 31.867396 seconds.
  path: Assets/kenney_pixel-platformer
  artifactKey: Guid(a1c80a71f8baf2a4aacca13dcc6304dd) Importer(815301076,1909f56bfc062723c751e8b465ee728b)
Start importing Assets/kenney_pixel-platformer using Guid(a1c80a71f8baf2a4aacca13dcc6304dd) Importer(815301076,1909f56bfc062723c751e8b465ee728b) (PreviewImporter) -> (artifact id: 'f837aedb4ccc19ffaeff3f4c200a5539') in 0.0005141 seconds
Number of updated asset objects reloaded before import = 0Number of asset objects unloaded after import = 0

========================================================================
Received Import Request.
  Time since last request: 2.552451 seconds.
  path: Assets/Scenes/niveau1.unity
  artifactKey: Guid(dfe34203ab0677d4cba760314b6f9d06) Importer(815301076,1909f56bfc062723c751e8b465ee728b)
Start importing Assets/Scenes/niveau1.unity using Guid(dfe34203ab0677d4cba760314b6f9d06) Importer(815301076,1909f56bfc062723c751e8b465ee728b) (PreviewImporter) -> (artifact id: 'f7c3c9656796cef6cec2a8ef15cc086a') in 0.0005941 seconds
Number of updated asset objects reloaded before import = 0Number of asset objects unloaded after import = 0

========================================================================
Received Import Request.
  Time since last request: 37.373647 seconds.
  path: Assets/kenney_pixel-platformer/Tiles/tile_0154.png
  artifactKey: Guid(827d4cb382177b943936bfc983f7411a) Importer(2089858483,b0f066a214c2f5e87bad3c948f4d605d)
Start importing Assets/kenney_pixel-platformer/Tiles/tile_0154.png using Guid(827d4cb382177b943936bfc983f7411a) Importer(2089858483,b0f066a214c2f5e87bad3c948f4d605d) (ScriptedImporter) -> (artifact id: '98c7344455f167ee59ab60f309f27384') in 0.1259999 seconds
Number of updated asset objects reloaded before import = 0Number of asset objects unloaded after import = 3

========================================================================
Received Import Request.
  Time since last request: 0.000019 seconds.
  path: Assets/kenney_pixel-platformer/Tiles/tile_0030.png
  artifactKey: Guid(fe633b4591eb83046b4ebbea3ab2c467) Importer(2089858483,b0f066a214c2f5e87bad3c948f4d605d)
Start importing Assets/kenney_pixel-platformer/Tiles/tile_0030.png using Guid(fe633b4591eb83046b4ebbea3ab2c467) Importer(2089858483,b0f066a214c2f5e87bad3c948f4d605d) (ScriptedImporter) -> (artifact id: 'ce5370631052e5f7a9fc630b56cf69d8') in 0.0174323 seconds
Number of updated asset objects reloaded before import = 0Number of asset objects unloaded after import = 3

========================================================================
Received Import Request.
  Time since last request: 0.000021 seconds.
  path: Assets/kenney_pixel-platformer/Tiled/tilemap-example-a.tmx
  artifactKey: Guid(27587fc669906ba44a731f2891c90dc1) Importer(2089858483,b0f066a214c2f5e87bad3c948f4d605d)
Start importing Assets/kenney_pixel-platformer/Tiled/tilemap-example-a.tmx using Guid(27587fc669906ba44a731f2891c90dc1) Importer(2089858483,b0f066a214c2f5e87bad3c948f4d605d) (ScriptedImporter) -> (artifact id: '9bc0ba0630e2b428b5d9b014fdcf7cf2') in 0.0162192 seconds
Number of updated asset objects reloaded before import = 0Number of asset objects unloaded after import = 1

========================================================================
Received Import Request.
  Time since last request: 0.000031 seconds.
  path: Assets/kenney_pixel-platformer/Tiles/Backgrounds/tile_0004.png
  artifactKey: Guid(b80a05692914ac94c9ef8717565ccf30) Importer(2089858483,b0f066a214c2f5e87bad3c948f4d605d)
Start importing Assets/kenney_pixel-platformer/Tiles/Backgrounds/tile_0004.png using Guid(b80a05692914ac94c9ef8717565ccf30) Importer(2089858483,b0f066a214c2f5e87bad3c948f4d605d) (ScriptedImporter) -> (artifact id: 'cbcec601bef13e8559aeac82f46eb54d') in 0.0167605 seconds
Number of updated asset objects reloaded before import = 0Number of asset objects unloaded after import = 3

========================================================================
Received Import Request.
  Time since last request: 0.000023 seconds.
  path: Assets/kenney_pixel-platformer/Tiles/Characters/tile_0012.png
  artifactKey: Guid(635ce1cccdbc67045a882efb84871de9) Importer(2089858483,b0f066a214c2f5e87bad3c948f4d605d)
Start importing Assets/kenney_pixel-platformer/Tiles/Characters/tile_0012.png using Guid(635ce1cccdbc67045a882efb84871de9) Importer(2089858483,b0f066a214c2f5e87bad3c948f4d605d) (ScriptedImporter) -> (artifact id: '7a87cf9aed0d180fff2a217b0478b9c0') in 0.0191631 seconds
Number of updated asset objects reloaded before import = 0Number of asset objects unloaded after import = 3

========================================================================
Received Import Request.
  Time since last request: 0.000016 seconds.
  path: Assets/kenney_pixel-platformer/Tiles/tile_0095.png
  artifactKey: Guid(a4802566b8232394bb077afd5b89a8de) Importer(2089858483,b0f066a214c2f5e87bad3c948f4d605d)
Start importing Assets/kenney_pixel-platformer/Tiles/tile_0095.png using Guid(a4802566b8232394bb077afd5b89a8de) Importer(2089858483,b0f066a214c2f5e87bad3c948f4d605d) (ScriptedImporter) -> (artifact id: 'b088f4f9b7645efd394d25867a56da09') in 0.0170992 seconds
Number of updated asset objects reloaded before import = 0Number of asset objects unloaded after import = 3

========================================================================
Received Import Request.
  Time since last request: 0.000021 seconds.
  path: Assets/kenney_pixel-platformer/Tiles/tile_0124.png
  artifactKey: Guid(62009718190ef744b91d4356c4abfc81) Importer(2089858483,b0f066a214c2f5e87bad3c948f4d605d)
Start importing Assets/kenney_pixel-platformer/Tiles/tile_0124.png using Guid(62009718190ef744b91d4356c4abfc81) Importer(2089858483,b0f066a214c2f5e87bad3c948f4d605d) (ScriptedImporter) -> (artifact id: '6fea64e0b6896479fc750e1c2c13fb6e') in 0.0188736 seconds
Number of updated asset objects reloaded before import = 0Number of asset objects unloaded after import = 3

========================================================================
Received Import Request.
  Time since last request: 0.000023 seconds.
  path: Assets/kenney_pixel-platformer/Tiles/Characters/tile_0022.png
  artifactKey: Guid(bb122603d7cad414c9ead6b58592b62a) Importer(2089858483,b0f066a214c2f5e87bad3c948f4d605d)
Start importing Assets/kenney_pixel-platformer/Tiles/Characters/tile_0022.png using Guid(bb122603d7cad414c9ead6b58592b62a) Importer(2089858483,b0f066a214c2f5e87bad3c948f4d605d) (ScriptedImporter) -> (artifact id: '8e47f4ccd0606b5fad5a4b67232fd861') in 0.023439 seconds
Number of updated asset objects reloaded before import = 0Number of asset objects unloaded after import = 3

========================================================================
Received Import Request.
  Time since last request: 0.000023 seconds.
  path: Assets/kenney_pixel-platformer/Tiles/tile_0020.png
  artifactKey: Guid(81257ead9a06c0c4e833de5eff969e67) Importer(2089858483,b0f066a214c2f5e87bad3c948f4d605d)
Start importing Assets/kenney_pixel-platformer/Tiles/tile_0020.png using Guid(81257ead9a06c0c4e833de5eff969e67) Importer(2089858483,b0f066a214c2f5e87bad3c948f4d605d) (ScriptedImporter) -> (artifact id: '966b05fe0510ade3371c8bce24002e26') in 0.0180642 seconds
Number of updated asset objects reloaded before import = 0Number of asset objects unloaded after import = 3

========================================================================
Received Import Request.
  Time since last request: 0.000015 seconds.
  path: Assets/kenney_pixel-platformer/Tiles/Backgrounds/tile_0010.png
  artifactKey: Guid(6168b7faa8622a04faa04a212d0c3083) Importer(2089858483,b0f066a214c2f5e87bad3c948f4d605d)
Start importing Assets/kenney_pixel-platformer/Tiles/Backgrounds/tile_0010.png using Guid(6168b7faa8622a04faa04a212d0c3083) Importer(2089858483,b0f066a214c2f5e87bad3c948f4d605d) (ScriptedImporter) -> (artifact id: '86f00eca1ad078c8a4b1b2e4cf575f00') in 0.0195077 seconds
Number of updated asset objects reloaded before import = 0Number of asset objects unloaded after import = 3

========================================================================
Received Import Request.
  Time since last request: 0.000018 seconds.
  path: Assets/kenney_pixel-platformer/Tiles/tile_0130.png
  artifactKey: Guid(0f1ce6eb6b1d09d4d8e33c8b8a52fe87) Importer(2089858483,b0f066a214c2f5e87bad3c948f4d605d)
Start importing Assets/kenney_pixel-platformer/Tiles/tile_0130.png using Guid(0f1ce6eb6b1d09d4d8e33c8b8a52fe87) Importer(2089858483,b0f066a214c2f5e87bad3c948f4d605d) (ScriptedImporter) -> (artifact id: 'e77753ea55834dfed17cf735f604a6aa') in 0.0183007 seconds
Number of updated asset objects reloaded before import = 0Number of asset objects unloaded after import = 3

========================================================================
Received Import Request.
  Time since last request: 0.000016 seconds.
  path: Assets/kenney_pixel-platformer/Tiles/tile_0171.png
  artifactKey: Guid(7850a7a7f4289af44a5f26e66298b723) Importer(2089858483,b0f066a214c2f5e87bad3c948f4d605d)
Start importing Assets/kenney_pixel-platformer/Tiles/tile_0171.png using Guid(7850a7a7f4289af44a5f26e66298b723) Importer(2089858483,b0f066a214c2f5e87bad3c948f4d605d) (ScriptedImporter) -> (artifact id: '27c2c514d3b74e1feb8eab158733809c') in 0.0156601 seconds
Number of updated asset objects reloaded before import = 0Number of asset objects unloaded after import = 3

========================================================================
Received Import Request.
  Time since last request: 0.000020 seconds.
  path: Assets/kenney_pixel-platformer/Tiles/Backgrounds
  artifactKey: Guid(6692129e05110874390d7bcab8a97e44) Importer(2089858483,b0f066a214c2f5e87bad3c948f4d605d)
Start importing Assets/kenney_pixel-platformer/Tiles/Backgrounds using Guid(6692129e05110874390d7bcab8a97e44) Importer(2089858483,b0f066a214c2f5e87bad3c948f4d605d) (ScriptedImporter) -> (artifact id: '317e9c7e7be2f12541ce12fbdfeb680b') in 0.0115178 seconds
Number of updated asset objects reloaded before import = 0Number of asset objects unloaded after import = 1

========================================================================
Received Import Request.
  Time since last request: 0.000022 seconds.
  path: Assets/kenney_pixel-platformer/Tiles/tile_0053.png
  artifactKey: Guid(28cfe204af6afe846b07a9c1d8ff255b) Importer(2089858483,b0f066a214c2f5e87bad3c948f4d605d)
Start importing Assets/kenney_pixel-platformer/Tiles/tile_0053.png using Guid(28cfe204af6afe846b07a9c1d8ff255b) Importer(2089858483,b0f066a214c2f5e87bad3c948f4d605d) (ScriptedImporter) -> (artifact id: '8bcd80f0a100b48cef7c00f19ed71fe1') in 0.0148439 seconds
Number of updated asset objects reloaded before import = 0Number of asset objects unloaded after import = 3

========================================================================
Received Import Request.
  Time since last request: 0.000015 seconds.
  path: Assets/kenney_pixel-platformer/Tiled/tilemap-example-b.tmx
  artifactKey: Guid(d77d4d993e1c67e4abb88de9139ff2d3) Importer(2089858483,b0f066a214c2f5e87bad3c948f4d605d)
Start importing Assets/kenney_pixel-platformer/Tiled/tilemap-example-b.tmx using Guid(d77d4d993e1c67e4abb88de9139ff2d3) Importer(2089858483,b0f066a214c2f5e87bad3c948f4d605d) (ScriptedImporter) -> (artifact id: '04f71ea533153dff4e771208524001d5') in 0.0124082 seconds
Number of updated asset objects reloaded before import = 0Number of asset objects unloaded after import = 1

========================================================================
Received Import Request.
  Time since last request: 0.000015 seconds.
  path: Assets/kenney_pixel-platformer/Tiles/tile_0143.png
  artifactKey: Guid(cfee2597df748f74daec97c6a430facb) Importer(2089858483,b0f066a214c2f5e87bad3c948f4d605d)
Start importing Assets/kenney_pixel-platformer/Tiles/tile_0143.png using Guid(cfee2597df748f74daec97c6a430facb) Importer(2089858483,b0f066a214c2f5e87bad3c948f4d605d) (ScriptedImporter) -> (artifact id: 'f90457c91bd6b09556815ccb4b6ae323') in 0.0153209 seconds
Number of updated asset objects reloaded before import = 0Number of asset objects unloaded after import = 3

========================================================================
Received Import Request.
  Time since last request: 0.000015 seconds.
  path: Assets/kenney_pixel-platformer/Tiles/tile_0041.png
  artifactKey: Guid(18135f09932c70f4ab155a3a2e9fb7f8) Importer(2089858483,b0f066a214c2f5e87bad3c948f4d605d)
Start importing Assets/kenney_pixel-platformer/Tiles/tile_0041.png using Guid(18135f09932c70f4ab155a3a2e9fb7f8) Importer(2089858483,b0f066a214c2f5e87bad3c948f4d605d) (ScriptedImporter) -> (artifact id: '6ec15b1f57cf5eadd8073ffcfc631d3a') in 0.0160687 seconds
Number of updated asset objects reloaded before import = 0Number of asset objects unloaded after import = 3

========================================================================
Received Import Request.
  Time since last request: 0.000024 seconds.
  path: Assets/kenney_pixel-platformer/Tiles/tile_0133.png
  artifactKey: Guid(b972cd767ad70df43ae53a7dac205c67) Importer(2089858483,b0f066a214c2f5e87bad3c948f4d605d)
Start importing Assets/kenney_pixel-platformer/Tiles/tile_0133.png using Guid(b972cd767ad70df43ae53a7dac205c67) Importer(2089858483,b0f066a214c2f5e87bad3c948f4d605d) (ScriptedImporter) -> (artifact id: '30296c0e0dad7d2d86c0697a170e2d76') in 0.0186914 seconds
Number of updated asset objects reloaded before import = 0Number of asset objects unloaded after import = 3

========================================================================
Received Import Request.
  Time since last request: 0.000029 seconds.
  path: Assets/kenney_pixel-platformer/Tiles/tile_0070.png
  artifactKey: Guid(7dca5573babcc134a94a1033654b4e43) Importer(2089858483,b0f066a214c2f5e87bad3c948f4d605d)
Start importing Assets/kenney_pixel-platformer/Tiles/tile_0070.png using Guid(7dca5573babcc134a94a1033654b4e43) Importer(2089858483,b0f066a214c2f5e87bad3c948f4d605d) (ScriptedImporter) -> (artifact id: '95175e55f7457b3ba778ec88567419fc') in 0.0167126 seconds
Number of updated asset objects reloaded before import = 0Number of asset objects unloaded after import = 3

========================================================================
Received Import Request.
  Time since last request: 0.000016 seconds.
  path: Assets/kenney_pixel-platformer/Tiles/tile_0149.png
  artifactKey: Guid(89e622a1abe17fa49bb50d4df32c7034) Importer(2089858483,b0f066a214c2f5e87bad3c948f4d605d)
Start importing Assets/kenney_pixel-platformer/Tiles/tile_0149.png using Guid(89e622a1abe17fa49bb50d4df32c7034) Importer(2089858483,b0f066a214c2f5e87bad3c948f4d605d) (ScriptedImporter) -> (artifact id: '1bd54eafd9f438d721d8163c9a03a21f') in 0.0200931 seconds
Number of updated asset objects reloaded before import = 0Number of asset objects unloaded after import = 3

========================================================================
Received Import Request.
  Time since last request: 0.000017 seconds.
  path: Assets/kenney_pixel-platformer/Tiles/Characters/tile_0006.png
  artifactKey: Guid(dde102ac34a40b441b2b33168fe56ece) Importer(2089858483,b0f066a214c2f5e87bad3c948f4d605d)
Start importing Assets/kenney_pixel-platformer/Tiles/Characters/tile_0006.png using Guid(dde102ac34a40b441b2b33168fe56ece) Importer(2089858483,b0f066a214c2f5e87bad3c948f4d605d) (ScriptedImporter) -> (artifact id: '63500b5fe32acc50f9eaab40fae39900') in 0.0173817 seconds
Number of updated asset objects reloaded before import = 0Number of asset objects unloaded after import = 3

========================================================================
Received Import Request.
  Time since last request: 0.000016 seconds.
  path: Assets/kenney_pixel-platformer/Tiles/tile_0010.png
  artifactKey: Guid(a6a8c87676248674098adfb93be89109) Importer(2089858483,b0f066a214c2f5e87bad3c948f4d605d)
Start importing Assets/kenney_pixel-platformer/Tiles/tile_0010.png using Guid(a6a8c87676248674098adfb93be89109) Importer(2089858483,b0f066a214c2f5e87bad3c948f4d605d) (ScriptedImporter) -> (artifact id: 'f0cdcf4d50aeabc5592839b9f796108b') in 0.0186965 seconds
Number of updated asset objects reloaded before import = 0Number of asset objects unloaded after import = 3

========================================================================
Received Import Request.
  Time since last request: 0.000016 seconds.
  path: Assets/kenney_pixel-platformer/Tiles/Backgrounds/tile_0011.png
  artifactKey: Guid(985fdbeafd7898b40badcaff8c984e5f) Importer(2089858483,b0f066a214c2f5e87bad3c948f4d605d)
Start importing Assets/kenney_pixel-platformer/Tiles/Backgrounds/tile_0011.png using Guid(985fdbeafd7898b40badcaff8c984e5f) Importer(2089858483,b0f066a214c2f5e87bad3c948f4d605d) (ScriptedImporter) -> (artifact id: '5b41a47b96e3834e11efa0bf9f9caf0d') in 0.015713 seconds
Number of updated asset objects reloaded before import = 0Number of asset objects unloaded after import = 3

========================================================================
Received Import Request.
  Time since last request: 0.000029 seconds.
  path: Assets/kenney_pixel-platformer/Tiles/tile_0110.png
  artifactKey: Guid(ffff0afbe05a8ff469b71f059996f8d2) Importer(2089858483,b0f066a214c2f5e87bad3c948f4d605d)
Start importing Assets/kenney_pixel-platformer/Tiles/tile_0110.png using Guid(ffff0afbe05a8ff469b71f059996f8d2) Importer(2089858483,b0f066a214c2f5e87bad3c948f4d605d) (ScriptedImporter) -> (artifact id: '91f505be43df81ad062213d0f3955bdc') in 0.0194631 seconds
Number of updated asset objects reloaded before import = 0Number of asset objects unloaded after import = 3

========================================================================
Received Import Request.
  Time since last request: 0.000031 seconds.
  path: Assets/kenney_pixel-platformer/Tilesheet (Characters).txt
  artifactKey: Guid(2d2a18c2393a1084c95333a35e14620a) Importer(2089858483,b0f066a214c2f5e87bad3c948f4d605d)
Start importing Assets/kenney_pixel-platformer/Tilesheet (Characters).txt using Guid(2d2a18c2393a1084c95333a35e14620a) Importer(2089858483,b0f066a214c2f5e87bad3c948f4d605d) (ScriptedImporter) -> (artifact id: '9aab837e72096af1627917eab7ef079a') in 0.0146049 seconds
Number of updated asset objects reloaded before import = 0Number of asset objects unloaded after import = 1

========================================================================
Received Import Request.
  Time since last request: 0.000020 seconds.
  path: Assets/kenney_pixel-platformer/Tiles/tile_0096.png
  artifactKey: Guid(376f38511ab6f604ca2bc2b8f382fa10) Importer(2089858483,b0f066a214c2f5e87bad3c948f4d605d)
Start importing Assets/kenney_pixel-platformer/Tiles/tile_0096.png using Guid(376f38511ab6f604ca2bc2b8f382fa10) Importer(2089858483,b0f066a214c2f5e87bad3c948f4d605d) (ScriptedImporter) -> (artifact id: 'f6dd52cf9e0cb539d344b812f12e1617') in 0.0149422 seconds
Number of updated asset objects reloaded before import = 0Number of asset objects unloaded after import = 3

========================================================================
Received Import Request.
  Time since last request: 0.000018 seconds.
  path: Assets/kenney_pixel-platformer/Tiles/tile_0038.png
  artifactKey: Guid(21a1bb424a067c94b828f9a720db3224) Importer(2089858483,b0f066a214c2f5e87bad3c948f4d605d)
Start importing Assets/kenney_pixel-platformer/Tiles/tile_0038.png using Guid(21a1bb424a067c94b828f9a720db3224) Importer(2089858483,b0f066a214c2f5e87bad3c948f4d605d) (ScriptedImporter) -> (artifact id: 'd71b3d7acb41bff200e6c961e987921c') in 0.0173843 seconds
Number of updated asset objects reloaded before import = 0Number of asset objects unloaded after import = 3

========================================================================
Received Import Request.
  Time since last request: 0.000017 seconds.
  path: Assets/kenney_pixel-platformer/Tiles/Characters/tile_0016.png
  artifactKey: Guid(f4ee8558dd1662c45a7a466d3271b3e1) Importer(2089858483,b0f066a214c2f5e87bad3c948f4d605d)
Start importing Assets/kenney_pixel-platformer/Tiles/Characters/tile_0016.png using Guid(f4ee8558dd1662c45a7a466d3271b3e1) Importer(2089858483,b0f066a214c2f5e87bad3c948f4d605d) (ScriptedImporter) -> (artifact id: 'f34c05f2b7a4bb4fce190bf682c90817') in 0.0148563 seconds
Number of updated asset objects reloaded before import = 0Number of asset objects unloaded after import = 3

========================================================================
Received Import Request.
  Time since last request: 0.000023 seconds.
  path: Assets/kenney_pixel-platformer/Tiles/tile_0052.png
  artifactKey: Guid(59716f00a22fda346ac4b2dd143d424d) Importer(2089858483,b0f066a214c2f5e87bad3c948f4d605d)
Start importing Assets/kenney_pixel-platformer/Tiles/tile_0052.png using Guid(59716f00a22fda346ac4b2dd143d424d) Importer(2089858483,b0f066a214c2f5e87bad3c948f4d605d) (ScriptedImporter) -> (artifact id: '45428e33a9573bf93da26b66a993c7e6') in 0.0171614 seconds
Number of updated asset objects reloaded before import = 0Number of asset objects unloaded after import = 3

========================================================================
Received Import Request.
  Time since last request: 0.000014 seconds.
  path: Assets/kenney_pixel-platformer/Tilemap/tilemap_packed.png
  artifactKey: Guid(88c7437545666604f8309516225d9193) Importer(2089858483,b0f066a214c2f5e87bad3c948f4d605d)
Start importing Assets/kenney_pixel-platformer/Tilemap/tilemap_packed.png using Guid(88c7437545666604f8309516225d9193) Importer(2089858483,b0f066a214c2f5e87bad3c948f4d605d) (ScriptedImporter) -> (artifact id: '4968c2cfa96b9d283d6bb03052373b66') in 0.0352797 seconds
Number of updated asset objects reloaded before import = 0Number of asset objects unloaded after import = 23

========================================================================
Received Import Request.
  Time since last request: 0.000014 seconds.
  path: Assets/kenney_pixel-platformer/Tiles/tile_0024.png
  artifactKey: Guid(ae9ef7d2a30fc3046b2e5cfb1ca03bef) Importer(2089858483,b0f066a214c2f5e87bad3c948f4d605d)
Start importing Assets/kenney_pixel-platformer/Tiles/tile_0024.png using Guid(ae9ef7d2a30fc3046b2e5cfb1ca03bef) Importer(2089858483,b0f066a214c2f5e87bad3c948f4d605d) (ScriptedImporter) -> (artifact id: '8bd637e0b01ea312efd3e0ab0c3170c8') in 0.0153598 seconds
Number of updated asset objects reloaded before import = 0Number of asset objects unloaded after import = 3

========================================================================
Received Import Request.
  Time since last request: 0.000013 seconds.
  path: Assets/kenney_pixel-platformer/Tiles/Backgrounds/tile_0022.png
  artifactKey: Guid(0d14cb21a9cd9464fa7d9b621b71c6fb) Importer(2089858483,b0f066a214c2f5e87bad3c948f4d605d)
Start importing Assets/kenney_pixel-platformer/Tiles/Backgrounds/tile_0022.png using Guid(0d14cb21a9cd9464fa7d9b621b71c6fb) Importer(2089858483,b0f066a214c2f5e87bad3c948f4d605d) (ScriptedImporter) -> (artifact id: 'eabb1014a6f7f9e5e7cfa421953aeb88') in 0.0158482 seconds
Number of updated asset objects reloaded before import = 0Number of asset objects unloaded after import = 3

========================================================================
Received Import Request.
  Time since last request: 0.000016 seconds.
  path: Assets/kenney_pixel-platformer/Tiles/Backgrounds/tile_0018.png
  artifactKey: Guid(5f601febc2dc4b1429aa1aff3013a14c) Importer(2089858483,b0f066a214c2f5e87bad3c948f4d605d)
Start importing Assets/kenney_pixel-platformer/Tiles/Backgrounds/tile_0018.png using Guid(5f601febc2dc4b1429aa1aff3013a14c) Importer(2089858483,b0f066a214c2f5e87bad3c948f4d605d) (ScriptedImporter) -> (artifact id: 'e0f9a8742e07533ffea0e1eaeb8e2bb1') in 0.0158423 seconds
Number of updated asset objects reloaded before import = 0Number of asset objects unloaded after import = 3

========================================================================
Received Import Request.
  Time since last request: 0.000023 seconds.
  path: Assets/kenney_pixel-platformer/Tiles/tile_0059.png
  artifactKey: Guid(c05536a925aef684485e670ec03dc919) Importer(2089858483,b0f066a214c2f5e87bad3c948f4d605d)
Start importing Assets/kenney_pixel-platformer/Tiles/tile_0059.png using Guid(c05536a925aef684485e670ec03dc919) Importer(2089858483,b0f066a214c2f5e87bad3c948f4d605d) (ScriptedImporter) -> (artifact id: '5e48b245dd6ab0217ac11afe5bf178de') in 0.02155 seconds
Number of updated asset objects reloaded before import = 0Number of asset objects unloaded after import = 3

========================================================================
Received Import Request.
  Time since last request: 0.000019 seconds.
  path: Assets/kenney_pixel-platformer/Tiles/tile_0102.png
  artifactKey: Guid(2d3e5f3d4a416494b823223d4d58e66b) Importer(2089858483,b0f066a214c2f5e87bad3c948f4d605d)
Start importing Assets/kenney_pixel-platformer/Tiles/tile_0102.png using Guid(2d3e5f3d4a416494b823223d4d58e66b) Importer(2089858483,b0f066a214c2f5e87bad3c948f4d605d) (ScriptedImporter) -> (artifact id: 'f77aa48701ab04bead1e5597e91a96b3') in 0.0161713 seconds
Number of updated asset objects reloaded before import = 0Number of asset objects unloaded after import = 3

========================================================================
Received Import Request.
  Time since last request: 0.000017 seconds.
  path: Assets/kenney_pixel-platformer/Tiles/tile_0011.png
  artifactKey: Guid(d45bf9d50ea897e4491dac051d97ab6d) Importer(2089858483,b0f066a214c2f5e87bad3c948f4d605d)
Start importing Assets/kenney_pixel-platformer/Tiles/tile_0011.png using Guid(d45bf9d50ea897e4491dac051d97ab6d) Importer(2089858483,b0f066a214c2f5e87bad3c948f4d605d) (ScriptedImporter) -> (artifact id: '8f0fb1ef15437b3286b9a0c1f031123a') in 0.0151621 seconds
Number of updated asset objects reloaded before import = 0Number of asset objects unloaded after import = 3

========================================================================
Received Import Request.
  Time since last request: 0.000016 seconds.
  path: Assets/kenney_pixel-platformer/Tiles/Backgrounds/tile_0014.png
  artifactKey: Guid(951c31d4edd697847afe3c2417560402) Importer(2089858483,b0f066a214c2f5e87bad3c948f4d605d)
Start importing Assets/kenney_pixel-platformer/Tiles/Backgrounds/tile_0014.png using Guid(951c31d4edd697847afe3c2417560402) Importer(2089858483,b0f066a214c2f5e87bad3c948f4d605d) (ScriptedImporter) -> (artifact id: '10c079cb96aefc43e83581afa30a3d2f') in 0.0157544 seconds
Number of updated asset objects reloaded before import = 0Number of asset objects unloaded after import = 3

========================================================================
Received Import Request.
  Time since last request: 0.000017 seconds.
  path: Assets/kenney_pixel-platformer/Tiles/tile_0161.png
  artifactKey: Guid(7eecc3ca61d1d3e47b6a38ee21c25b31) Importer(2089858483,b0f066a214c2f5e87bad3c948f4d605d)
Start importing Assets/kenney_pixel-platformer/Tiles/tile_0161.png using Guid(7eecc3ca61d1d3e47b6a38ee21c25b31) Importer(2089858483,b0f066a214c2f5e87bad3c948f4d605d) (ScriptedImporter) -> (artifact id: '151b1398031bfef0efc07aae063263d5') in 0.0169545 seconds
Number of updated asset objects reloaded before import = 0Number of asset objects unloaded after import = 3

========================================================================
Received Import Request.
  Time since last request: 0.000027 seconds.
  path: Assets/kenney_pixel-platformer/Tiles/tile_0097.png
  artifactKey: Guid(9e68b502964ff624d9bc56f038033f21) Importer(2089858483,b0f066a214c2f5e87bad3c948f4d605d)
Start importing Assets/kenney_pixel-platformer/Tiles/tile_0097.png using Guid(9e68b502964ff624d9bc56f038033f21) Importer(2089858483,b0f066a214c2f5e87bad3c948f4d605d) (ScriptedImporter) -> (artifact id: '8011882be71994c282f354f1b4aa9e8a') in 0.0187288 seconds
Number of updated asset objects reloaded before import = 0Number of asset objects unloaded after import = 3

========================================================================
Received Import Request.
  Time since last request: 0.000016 seconds.
  path: Assets/kenney_pixel-platformer/SampleA.png
  artifactKey: Guid(243911df213ddef419042e4e258d0225) Importer(2089858483,b0f066a214c2f5e87bad3c948f4d605d)
Start importing Assets/kenney_pixel-platformer/SampleA.png using Guid(243911df213ddef419042e4e258d0225) Importer(2089858483,b0f066a214c2f5e87bad3c948f4d605d) (ScriptedImporter) -> (artifact id: '21d5dc79a404bb7b51867d95806c4e06') in 0.0193899 seconds
Number of updated asset objects reloaded before import = 0Number of asset objects unloaded after import = 3

========================================================================
Received Import Request.
  Time since last request: 0.000017 seconds.
  path: Assets/kenney_pixel-platformer/Tiles/tile_0044.png
  artifactKey: Guid(a1a220e96df40d5418fa5cba4287ed0a) Importer(2089858483,b0f066a214c2f5e87bad3c948f4d605d)
Start importing Assets/kenney_pixel-platformer/Tiles/tile_0044.png using Guid(a1a220e96df40d5418fa5cba4287ed0a) Importer(2089858483,b0f066a214c2f5e87bad3c948f4d605d) (ScriptedImporter) -> (artifact id: 'a59546ca784fcd25559afc8c5b1fd241') in 0.0154832 seconds
Number of updated asset objects reloaded before import = 0Number of asset objects unloaded after import = 3

========================================================================
Received Import Request.
  Time since last request: 0.000020 seconds.
  path: Assets/kenney_pixel-platformer/Tiles/tile_0031.png
  artifactKey: Guid(c33702aeed7791e43a8d99ab8ac2e415) Importer(2089858483,b0f066a214c2f5e87bad3c948f4d605d)
Start importing Assets/kenney_pixel-platformer/Tiles/tile_0031.png using Guid(c33702aeed7791e43a8d99ab8ac2e415) Importer(2089858483,b0f066a214c2f5e87bad3c948f4d605d) (ScriptedImporter) -> (artifact id: '8e08d18b6640b70cf60d8202f3d52eec') in 0.0275736 seconds
Number of updated asset objects reloaded before import = 0Number of asset objects unloaded after import = 3

========================================================================
Received Import Request.
  Time since last request: 0.000019 seconds.
  path: Assets/kenney_pixel-platformer/Tiles/Backgrounds/tile_0006.png
  artifactKey: Guid(bef6d7d7b52f67c4bbc415a4a31efc4a) Importer(2089858483,b0f066a214c2f5e87bad3c948f4d605d)
Start importing Assets/kenney_pixel-platformer/Tiles/Backgrounds/tile_0006.png using Guid(bef6d7d7b52f67c4bbc415a4a31efc4a) Importer(2089858483,b0f066a214c2f5e87bad3c948f4d605d) (ScriptedImporter) -> (artifact id: '7772dfe90a4832539664cb8650b6cd2f') in 0.0191991 seconds
Number of updated asset objects reloaded before import = 0Number of asset objects unloaded after import = 3

========================================================================
Received Import Request.
  Time since last request: 0.000023 seconds.
  path: Assets/kenney_pixel-platformer/Tiles/Characters/tile_0017.png
  artifactKey: Guid(1ab6cb195a7c8f74c86a3d3789f00225) Importer(2089858483,b0f066a214c2f5e87bad3c948f4d605d)
Start importing Assets/kenney_pixel-platformer/Tiles/Characters/tile_0017.png using Guid(1ab6cb195a7c8f74c86a3d3789f00225) Importer(2089858483,b0f066a214c2f5e87bad3c948f4d605d) (ScriptedImporter) -> (artifact id: '1d282e84bf62c36d5ecb8b371a447ef4') in 0.0148551 seconds
Number of updated asset objects reloaded before import = 0Number of asset objects unloaded after import = 3

========================================================================
Received Import Request.
  Time since last request: 0.000015 seconds.
  path: Assets/kenney_pixel-platformer/Tiles/tile_0032.png
  artifactKey: Guid(1a49c102bf09f8e4f91a7086a1b1d8c4) Importer(2089858483,b0f066a214c2f5e87bad3c948f4d605d)
Start importing Assets/kenney_pixel-platformer/Tiles/tile_0032.png using Guid(1a49c102bf09f8e4f91a7086a1b1d8c4) Importer(2089858483,b0f066a214c2f5e87bad3c948f4d605d) (ScriptedImporter) -> (artifact id: '8c04310493d939087aef03f837b2dcec') in 0.0153114 seconds
Number of updated asset objects reloaded before import = 0Number of asset objects unloaded after import = 3

========================================================================
Received Import Request.
  Time since last request: 0.000016 seconds.
  path: Assets/kenney_pixel-platformer/Tiled/tileset-characters.tsx
  artifactKey: Guid(a3999049f3edfeb4387747384244c29f) Importer(2089858483,b0f066a214c2f5e87bad3c948f4d605d)
Start importing Assets/kenney_pixel-platformer/Tiled/tileset-characters.tsx using Guid(a3999049f3edfeb4387747384244c29f) Importer(2089858483,b0f066a214c2f5e87bad3c948f4d605d) (ScriptedImporter) -> (artifact id: 'f40e51a2c4e9470492e3508a08394101') in 0.0129313 seconds
Number of updated asset objects reloaded before import = 0Number of asset objects unloaded after import = 1

========================================================================
Received Import Request.
  Time since last request: 0.000013 seconds.
  path: Assets/kenney_pixel-platformer/Tiles/tile_0045.png
  artifactKey: Guid(c8a9d71a02c747445b399895c14137e5) Importer(2089858483,b0f066a214c2f5e87bad3c948f4d605d)
Start importing Assets/kenney_pixel-platformer/Tiles/tile_0045.png using Guid(c8a9d71a02c747445b399895c14137e5) Importer(2089858483,b0f066a214c2f5e87bad3c948f4d605d) (ScriptedImporter) -> (artifact id: '38e4a48667ccb11ddaf273d3c046b10c') in 0.0143283 seconds
Number of updated asset objects reloaded before import = 0Number of asset objects unloaded after import = 3

========================================================================
Received Import Request.
  Time since last request: 0.000016 seconds.
  path: Assets/kenney_pixel-platformer/Tiles/Characters/tile_0021.png
  artifactKey: Guid(2f94904aa31e08c48aed33b96c7421b4) Importer(2089858483,b0f066a214c2f5e87bad3c948f4d605d)
Start importing Assets/kenney_pixel-platformer/Tiles/Characters/tile_0021.png using Guid(2f94904aa31e08c48aed33b96c7421b4) Importer(2089858483,b0f066a214c2f5e87bad3c948f4d605d) (ScriptedImporter) -> (artifact id: '54a67e7fe20236e648a3647ca9361028') in 0.0162355 seconds
Number of updated asset objects reloaded before import = 0Number of asset objects unloaded after import = 3

========================================================================
Received Import Request.
  Time since last request: 0.000017 seconds.
  path: Assets/kenney_pixel-platformer/Construct 3
  artifactKey: Guid(16509b608e3b2864da8af70a434c2303) Importer(2089858483,b0f066a214c2f5e87bad3c948f4d605d)
Start importing Assets/kenney_pixel-platformer/Construct 3 using Guid(16509b608e3b2864da8af70a434c2303) Importer(2089858483,b0f066a214c2f5e87bad3c948f4d605d) (ScriptedImporter) -> (artifact id: 'b251e8fd941755c7054dd63a31addb44') in 0.0128578 seconds
Number of updated asset objects reloaded before import = 0Number of asset objects unloaded after import = 1

========================================================================
Received Import Request.
  Time since last request: 0.000019 seconds.
  path: Assets/kenney_pixel-platformer/Visit Patreon.url
  artifactKey: Guid(b2d636a45aeb5fa46838c3aa17a3845e) Importer(2089858483,b0f066a214c2f5e87bad3c948f4d605d)
Start importing Assets/kenney_pixel-platformer/Visit Patreon.url using Guid(b2d636a45aeb5fa46838c3aa17a3845e) Importer(2089858483,b0f066a214c2f5e87bad3c948f4d605d) (ScriptedImporter) -> (artifact id: '3ceac9eed6da3ed637cfdf1c2a630391') in 0.0134758 seconds
Number of updated asset objects reloaded before import = 0Number of asset objects unloaded after import = 1

========================================================================
Received Import Request.
  Time since last request: 0.000013 seconds.
  path: Assets/kenney_pixel-platformer/Tiles/tile_0136.png
  artifactKey: Guid(684faaf0874469040ba9ea9f62e8ee32) Importer(2089858483,b0f066a214c2f5e87bad3c948f4d605d)
Start importing Assets/kenney_pixel-platformer/Tiles/tile_0136.png using Guid(684faaf0874469040ba9ea9f62e8ee32) Importer(2089858483,b0f066a214c2f5e87bad3c948f4d605d) (ScriptedImporter) -> (artifact id: 'ae460296ab85e550e55a6a57a5233db9') in 0.0156255 seconds
Number of updated asset objects reloaded before import = 0Number of asset objects unloaded after import = 3

========================================================================
Received Import Request.
  Time since last request: 0.000016 seconds.
  path: Assets/kenney_pixel-platformer/Tiles/tile_0048.png
  artifactKey: Guid(3f154e6813f158c449821561e2bcb756) Importer(2089858483,b0f066a214c2f5e87bad3c948f4d605d)
Start importing Assets/kenney_pixel-platformer/Tiles/tile_0048.png using Guid(3f154e6813f158c449821561e2bcb756) Importer(2089858483,b0f066a214c2f5e87bad3c948f4d605d) (ScriptedImporter) -> (artifact id: '6316c25c55322636d94705c5aa43b420') in 0.0192743 seconds
Number of updated asset objects reloaded before import = 0Number of asset objects unloaded after import = 3

========================================================================
Received Import Request.
  Time since last request: 0.000018 seconds.
  path: Assets/kenney_pixel-platformer/Tiles/tile_0138.png
  artifactKey: Guid(1a828c398ce1a6c49b5e9afcb06e7bce) Importer(2089858483,b0f066a214c2f5e87bad3c948f4d605d)
Start importing Assets/kenney_pixel-platformer/Tiles/tile_0138.png using Guid(1a828c398ce1a6c49b5e9afcb06e7bce) Importer(2089858483,b0f066a214c2f5e87bad3c948f4d605d) (ScriptedImporter) -> (artifact id: 'e34761bd010780582265e9f0d204faef') in 0.0186607 seconds
Number of updated asset objects reloaded before import = 0Number of asset objects unloaded after import = 3

========================================================================
Received Import Request.
  Time since last request: 0.000021 seconds.
  path: Assets/kenney_pixel-platformer/Tilemap/tilemap-backgrounds.png
  artifactKey: Guid(6ff45ad88bcddbd48a207748f73196b4) Importer(2089858483,b0f066a214c2f5e87bad3c948f4d605d)
Start importing Assets/kenney_pixel-platformer/Tilemap/tilemap-backgrounds.png using Guid(6ff45ad88bcddbd48a207748f73196b4) Importer(2089858483,b0f066a214c2f5e87bad3c948f4d605d) (ScriptedImporter) -> (artifact id: '57ab5ec6afa3b83894aa51cfeb3a78a6') in 0.0326386 seconds
Number of updated asset objects reloaded before import = 0Number of asset objects unloaded after import = 26

========================================================================
Received Import Request.
  Time since last request: 0.000022 seconds.
  path: Assets/kenney_pixel-platformer/Tiles/Backgrounds/tile_0008.png
  artifactKey: Guid(5bfca7cb3e4704845a80789b860bb8ad) Importer(2089858483,b0f066a214c2f5e87bad3c948f4d605d)
Start importing Assets/kenney_pixel-platformer/Tiles/Backgrounds/tile_0008.png using Guid(5bfca7cb3e4704845a80789b860bb8ad) Importer(2089858483,b0f066a214c2f5e87bad3c948f4d605d) (ScriptedImporter) -> (artifact id: 'a244295b3db8d906bceaf330def6d279') in 0.0187633 seconds
Number of updated asset objects reloaded before import = 0Number of asset objects unloaded after import = 3

========================================================================
Received Import Request.
  Time since last request: 0.000016 seconds.
  path: Assets/kenney_pixel-platformer/Tiles/tile_0093.png
  artifactKey: Guid(80733a5a06051634c983fb87b7702359) Importer(2089858483,b0f066a214c2f5e87bad3c948f4d605d)
Start importing Assets/kenney_pixel-platformer/Tiles/tile_0093.png using Guid(80733a5a06051634c983fb87b7702359) Importer(2089858483,b0f066a214c2f5e87bad3c948f4d605d) (ScriptedImporter) -> (artifact id: '6fe48fdba65e17436b03fc189f11b8da') in 0.0194242 seconds
Number of updated asset objects reloaded before import = 0Number of asset objects unloaded after import = 3

========================================================================
Received Import Request.
  Time since last request: 0.000017 seconds.
  path: Assets/kenney_pixel-platformer/Tiles/tile_0157.png
  artifactKey: Guid(d7255c8f581e62f48bd53389aa7a5266) Importer(2089858483,b0f066a214c2f5e87bad3c948f4d605d)
Start importing Assets/kenney_pixel-platformer/Tiles/tile_0157.png using Guid(d7255c8f581e62f48bd53389aa7a5266) Importer(2089858483,b0f066a214c2f5e87bad3c948f4d605d) (ScriptedImporter) -> (artifact id: 'add76e3888c888742bec5bc89e807e6a') in 0.0162965 seconds
Number of updated asset objects reloaded before import = 0Number of asset objects unloaded after import = 3

========================================================================
Received Import Request.
  Time since last request: 0.000018 seconds.
  path: Assets/kenney_pixel-platformer/Tiles/Backgrounds/tile_0012.png
  artifactKey: Guid(748145e2b5cf3454c8691585ffbd99b7) Importer(2089858483,b0f066a214c2f5e87bad3c948f4d605d)
Start importing Assets/kenney_pixel-platformer/Tiles/Backgrounds/tile_0012.png using Guid(748145e2b5cf3454c8691585ffbd99b7) Importer(2089858483,b0f066a214c2f5e87bad3c948f4d605d) (ScriptedImporter) -> (artifact id: '5e649c71a420f5b95352139efa1300bb') in 0.0154994 seconds
Number of updated asset objects reloaded before import = 0Number of asset objects unloaded after import = 3

========================================================================
Received Import Request.
  Time since last request: 0.000017 seconds.
  path: Assets/kenney_pixel-platformer/Tiles/tile_0174.png
  artifactKey: Guid(cc7add0667fcbdf45b557e3f6e1070b8) Importer(2089858483,b0f066a214c2f5e87bad3c948f4d605d)
Start importing Assets/kenney_pixel-platformer/Tiles/tile_0174.png using Guid(cc7add0667fcbdf45b557e3f6e1070b8) Importer(2089858483,b0f066a214c2f5e87bad3c948f4d605d) (ScriptedImporter) -> (artifact id: 'dd0c491e533915422c843c54bf16e4ac') in 0.0158079 seconds
Number of updated asset objects reloaded before import = 0Number of asset objects unloaded after import = 3

========================================================================
Received Import Request.
  Time since last request: 0.000024 seconds.
  path: Assets/kenney_pixel-platformer/Tiles/tile_0009.png
  artifactKey: Guid(00c6724317033cb45a5b2045d0fb266a) Importer(2089858483,b0f066a214c2f5e87bad3c948f4d605d)
Start importing Assets/kenney_pixel-platformer/Tiles/tile_0009.png using Guid(00c6724317033cb45a5b2045d0fb266a) Importer(2089858483,b0f066a214c2f5e87bad3c948f4d605d) (ScriptedImporter) -> (artifact id: '5127d0bcb8767aa7f408a6677833381a') in 0.0183047 seconds
Number of updated asset objects reloaded before import = 0Number of asset objects unloaded after import = 3

========================================================================
Received Import Request.
  Time since last request: 0.000015 seconds.
  path: Assets/kenney_pixel-platformer/Tiles/Backgrounds/tile_0020.png
  artifactKey: Guid(d1259829793a956468d29285cc35e767) Importer(2089858483,b0f066a214c2f5e87bad3c948f4d605d)
Start importing Assets/kenney_pixel-platformer/Tiles/Backgrounds/tile_0020.png using Guid(d1259829793a956468d29285cc35e767) Importer(2089858483,b0f066a214c2f5e87bad3c948f4d605d) (ScriptedImporter) -> (artifact id: '83d87b44c9fbe85a6c106d91390e5783') in 0.014682 seconds
Number of updated asset objects reloaded before import = 0Number of asset objects unloaded after import = 3

========================================================================
Received Import Request.
  Time since last request: 0.000016 seconds.
  path: Assets/kenney_pixel-platformer/Tiles/tile_0064.png
  artifactKey: Guid(68cfdc5e98d92cb4c89d77dda127617c) Importer(2089858483,b0f066a214c2f5e87bad3c948f4d605d)
Start importing Assets/kenney_pixel-platformer/Tiles/tile_0064.png using Guid(68cfdc5e98d92cb4c89d77dda127617c) Importer(2089858483,b0f066a214c2f5e87bad3c948f4d605d) (ScriptedImporter) -> (artifact id: 'b974aa869f4db33430661e33c9c885b3') in 0.0155073 seconds
Number of updated asset objects reloaded before import = 0Number of asset objects unloaded after import = 3

========================================================================
Received Import Request.
  Time since last request: 0.000015 seconds.
  path: Assets/kenney_pixel-platformer/Tiles/Characters/tile_0015.png
  artifactKey: Guid(76d0a9cef89e6bd4ab2af40fb7d0069c) Importer(2089858483,b0f066a214c2f5e87bad3c948f4d605d)
Start importing Assets/kenney_pixel-platformer/Tiles/Characters/tile_0015.png using Guid(76d0a9cef89e6bd4ab2af40fb7d0069c) Importer(2089858483,b0f066a214c2f5e87bad3c948f4d605d) (ScriptedImporter) -> (artifact id: '350469043bea35f18783fa81f49cc10f') in 0.0136527 seconds
Number of updated asset objects reloaded before import = 0Number of asset objects unloaded after import = 3

========================================================================
Received Import Request.
  Time since last request: 0.000016 seconds.
  path: Assets/kenney_pixel-platformer/Tiles/tile_0123.png
  artifactKey: Guid(4edfe4e4b3ac10849819094d0d1c0bd0) Importer(2089858483,b0f066a214c2f5e87bad3c948f4d605d)
Start importing Assets/kenney_pixel-platformer/Tiles/tile_0123.png using Guid(4edfe4e4b3ac10849819094d0d1c0bd0) Importer(2089858483,b0f066a214c2f5e87bad3c948f4d605d) (ScriptedImporter) -> (artifact id: '55edafbdb45e5a2e7b33be425cad63a8') in 0.0152123 seconds
Number of updated asset objects reloaded before import = 0Number of asset objects unloaded after import = 3

========================================================================
Received Import Request.
  Time since last request: 0.000022 seconds.
  path: Assets/kenney_pixel-platformer/Tiles/tile_0004.png
  artifactKey: Guid(e640be0c7530cdb47bfd34595901c345) Importer(2089858483,b0f066a214c2f5e87bad3c948f4d605d)
Start importing Assets/kenney_pixel-platformer/Tiles/tile_0004.png using Guid(e640be0c7530cdb47bfd34595901c345) Importer(2089858483,b0f066a214c2f5e87bad3c948f4d605d) (ScriptedImporter) -> (artifact id: 'd40df2402a33cda689f2598a06d3f03d') in 0.0144242 seconds
Number of updated asset objects reloaded before import = 0Number of asset objects unloaded after import = 3

========================================================================
Received Import Request.
  Time since last request: 0.000012 seconds.
  path: Assets/kenney_pixel-platformer/Tiles/tile_0179.png
  artifactKey: Guid(4d3f6ac61b44c9e4ca3c3dedcea21a43) Importer(2089858483,b0f066a214c2f5e87bad3c948f4d605d)
Start importing Assets/kenney_pixel-platformer/Tiles/tile_0179.png using Guid(4d3f6ac61b44c9e4ca3c3dedcea21a43) Importer(2089858483,b0f066a214c2f5e87bad3c948f4d605d) (ScriptedImporter) -> (artifact id: '553fb3ce9260d3e0b951aa27ae0cbd75') in 0.0177433 seconds
Number of updated asset objects reloaded before import = 0Number of asset objects unloaded after import = 3

========================================================================
Received Import Request.
  Time since last request: 0.000014 seconds.
  path: Assets/kenney_pixel-platformer/Tiles/Characters/tile_0024.png
  artifactKey: Guid(4b36e4f953ddc294bb5bcb10787e9353) Importer(2089858483,b0f066a214c2f5e87bad3c948f4d605d)
Start importing Assets/kenney_pixel-platformer/Tiles/Characters/tile_0024.png using Guid(4b36e4f953ddc294bb5bcb10787e9353) Importer(2089858483,b0f066a214c2f5e87bad3c948f4d605d) (ScriptedImporter) -> (artifact id: 'f54a75f73990bb96985761788de92813') in 0.0150016 seconds
Number of updated asset objects reloaded before import = 0Number of asset objects unloaded after import = 3

========================================================================
Received Import Request.
  Time since last request: 0.000015 seconds.
  path: Assets/kenney_pixel-platformer/Tilemap/tilemap-characters.png
  artifactKey: Guid(e1c40fd01b0321f4590b9fb3447e7567) Importer(2089858483,b0f066a214c2f5e87bad3c948f4d605d)
Start importing Assets/kenney_pixel-platformer/Tilemap/tilemap-characters.png using Guid(e1c40fd01b0321f4590b9fb3447e7567) Importer(2089858483,b0f066a214c2f5e87bad3c948f4d605d) (ScriptedImporter) -> (artifact id: 'd26e8e34abf2b1f7ae0761b157b35f0b') in 0.0369258 seconds
Number of updated asset objects reloaded before import = 0Number of asset objects unloaded after import = 29

========================================================================
Received Import Request.
  Time since last request: 0.000021 seconds.
  path: Assets/kenney_pixel-platformer/Tiles/Backgrounds/tile_0021.png
  artifactKey: Guid(5dcf5747bc8229844b8bafd84495582c) Importer(2089858483,b0f066a214c2f5e87bad3c948f4d605d)
Start importing Assets/kenney_pixel-platformer/Tiles/Backgrounds/tile_0021.png using Guid(5dcf5747bc8229844b8bafd84495582c) Importer(2089858483,b0f066a214c2f5e87bad3c948f4d605d) (ScriptedImporter) -> (artifact id: '97951d88bbde80ed5800b46df4b22184') in 0.0178399 seconds
Number of updated asset objects reloaded before import = 0Number of asset objects unloaded after import = 3

========================================================================
Received Import Request.
  Time since last request: 0.000024 seconds.
  path: Assets/kenney_pixel-platformer/Tiles/tile_0027.png
  artifactKey: Guid(413459955785f1b4e827761f2eb27c28) Importer(2089858483,b0f066a214c2f5e87bad3c948f4d605d)
Start importing Assets/kenney_pixel-platformer/Tiles/tile_0027.png using Guid(413459955785f1b4e827761f2eb27c28) Importer(2089858483,b0f066a214c2f5e87bad3c948f4d605d) (ScriptedImporter) -> (artifact id: '7169e63cfd76e33195a6390c839e8339') in 0.0152088 seconds
Number of updated asset objects reloaded before import = 0Number of asset objects unloaded after import = 3

========================================================================
Received Import Request.
  Time since last request: 0.000016 seconds.
  path: Assets/kenney_pixel-platformer/Tiles/tile_0019.png
  artifactKey: Guid(766e3c84bb4d6f94db3420c215cc9a58) Importer(2089858483,b0f066a214c2f5e87bad3c948f4d605d)
Start importing Assets/kenney_pixel-platformer/Tiles/tile_0019.png using Guid(766e3c84bb4d6f94db3420c215cc9a58) Importer(2089858483,b0f066a214c2f5e87bad3c948f4d605d) (ScriptedImporter) -> (artifact id: '9abb624c04ad789353e36b0916ece839') in 0.0168036 seconds
Number of updated asset objects reloaded before import = 0Number of asset objects unloaded after import = 3

========================================================================
Received Import Request.
  Time since last request: 0.000014 seconds.
  path: Assets/kenney_pixel-platformer/Tiles/tile_0153.png
  artifactKey: Guid(76124515a14f92e47a80f0b3132bf5c6) Importer(2089858483,b0f066a214c2f5e87bad3c948f4d605d)
Start importing Assets/kenney_pixel-platformer/Tiles/tile_0153.png using Guid(76124515a14f92e47a80f0b3132bf5c6) Importer(2089858483,b0f066a214c2f5e87bad3c948f4d605d) (ScriptedImporter) -> (artifact id: 'b756c3024f2707b5f803befa8fdbbdee') in 0.0200644 seconds
Number of updated asset objects reloaded before import = 0Number of asset objects unloaded after import = 3

========================================================================
Received Import Request.
  Time since last request: 0.000016 seconds.
  path: Assets/kenney_pixel-platformer/Tiles/tile_0091.png
  artifactKey: Guid(21e536176c0df9449850c115c383b868) Importer(2089858483,b0f066a214c2f5e87bad3c948f4d605d)
Start importing Assets/kenney_pixel-platformer/Tiles/tile_0091.png using Guid(21e536176c0df9449850c115c383b868) Importer(2089858483,b0f066a214c2f5e87bad3c948f4d605d) (ScriptedImporter) -> (artifact id: '559a03125c7b31d63d3470144231f03e') in 0.018693 seconds
Number of updated asset objects reloaded before import = 0Number of asset objects unloaded after import = 3

========================================================================
Received Import Request.
  Time since last request: 0.000021 seconds.
  path: Assets/kenney_pixel-platformer/Tiles/tile_0119.png
  artifactKey: Guid(1649034f610d5a14c9f0ba7159e33352) Importer(2089858483,b0f066a214c2f5e87bad3c948f4d605d)
Start importing Assets/kenney_pixel-platformer/Tiles/tile_0119.png using Guid(1649034f610d5a14c9f0ba7159e33352) Importer(2089858483,b0f066a214c2f5e87bad3c948f4d605d) (ScriptedImporter) -> (artifact id: 'fffdffdf900f3d23ec3079719eb02be8') in 0.0182598 seconds
Number of updated asset objects reloaded before import = 0Number of asset objects unloaded after import = 3

========================================================================
Received Import Request.
  Time since last request: 0.000020 seconds.
  path: Assets/kenney_pixel-platformer/Tiles/tile_0098.png
  artifactKey: Guid(368290efd7da731419d7e83d52b1146d) Importer(2089858483,b0f066a214c2f5e87bad3c948f4d605d)
Start importing Assets/kenney_pixel-platformer/Tiles/tile_0098.png using Guid(368290efd7da731419d7e83d52b1146d) Importer(2089858483,b0f066a214c2f5e87bad3c948f4d605d) (ScriptedImporter) -> (artifact id: '1a6059ce71b6fa779018e12ff6d50904') in 0.0269041 seconds
Number of updated asset objects reloaded before import = 0Number of asset objects unloaded after import = 3

========================================================================
Received Import Request.
  Time since last request: 0.000015 seconds.
  path: Assets/kenney_pixel-platformer/Tiles/tile_0065.png
  artifactKey: Guid(c40f77b5faf77b246a399adbfa8134f7) Importer(2089858483,b0f066a214c2f5e87bad3c948f4d605d)
Start importing Assets/kenney_pixel-platformer/Tiles/tile_0065.png using Guid(c40f77b5faf77b246a399adbfa8134f7) Importer(2089858483,b0f066a214c2f5e87bad3c948f4d605d) (ScriptedImporter) -> (artifact id: '91c038480c440a5d19fd208cbacc4add') in 0.0157207 seconds
Number of updated asset objects reloaded before import = 0Number of asset objects unloaded after import = 3

========================================================================
Received Import Request.
  Time since last request: 0.000018 seconds.
  path: Assets/kenney_pixel-platformer/Tiles/tile_0104.png
  artifactKey: Guid(e97e82c3132a24d43aa0fae7cfd53a35) Importer(2089858483,b0f066a214c2f5e87bad3c948f4d605d)
Start importing Assets/kenney_pixel-platformer/Tiles/tile_0104.png using Guid(e97e82c3132a24d43aa0fae7cfd53a35) Importer(2089858483,b0f066a214c2f5e87bad3c948f4d605d) (ScriptedImporter) -> (artifact id: 'b20b590d26681af22e058b915ca91cd1') in 0.0169043 seconds
Number of updated asset objects reloaded before import = 0Number of asset objects unloaded after import = 3

========================================================================
Received Import Request.
  Time since last request: 0.000015 seconds.
  path: Assets/kenney_pixel-platformer/Tiles/tile_0142.png
  artifactKey: Guid(1aaa83757368e2c4d8fc6469cdf5c3f5) Importer(2089858483,b0f066a214c2f5e87bad3c948f4d605d)
Start importing Assets/kenney_pixel-platformer/Tiles/tile_0142.png using Guid(1aaa83757368e2c4d8fc6469cdf5c3f5) Importer(2089858483,b0f066a214c2f5e87bad3c948f4d605d) (ScriptedImporter) -> (artifact id: '19280e002a0b6b750b02c4fac23668c0') in 0.0157799 seconds
Number of updated asset objects reloaded before import = 0Number of asset objects unloaded after import = 3

========================================================================
Received Import Request.
  Time since last request: 0.000014 seconds.
  path: Assets/kenney_pixel-platformer/Tiles/Backgrounds/tile_0017.png
  artifactKey: Guid(fe50f96cb5714634e9b8fdc9d08fe406) Importer(2089858483,b0f066a214c2f5e87bad3c948f4d605d)
Start importing Assets/kenney_pixel-platformer/Tiles/Backgrounds/tile_0017.png using Guid(fe50f96cb5714634e9b8fdc9d08fe406) Importer(2089858483,b0f066a214c2f5e87bad3c948f4d605d) (ScriptedImporter) -> (artifact id: '3ee1773793f31d501f28a3f397d91b06') in 0.0160613 seconds
Number of updated asset objects reloaded before import = 0Number of asset objects unloaded after import = 3

========================================================================
Received Import Request.
  Time since last request: 0.000022 seconds.
  path: Assets/kenney_pixel-platformer/Tiles/tile_0120.png
  artifactKey: Guid(c1d7904bcedc76f448cf01518fefc8b4) Importer(2089858483,b0f066a214c2f5e87bad3c948f4d605d)
Start importing Assets/kenney_pixel-platformer/Tiles/tile_0120.png using Guid(c1d7904bcedc76f448cf01518fefc8b4) Importer(2089858483,b0f066a214c2f5e87bad3c948f4d605d) (ScriptedImporter) -> (artifact id: '70dd758354b7eea6378e352d6def814a') in 0.0174882 seconds
Number of updated asset objects reloaded before import = 0Number of asset objects unloaded after import = 3

========================================================================
Received Import Request.
  Time since last request: 0.000014 seconds.
  path: Assets/kenney_pixel-platformer/Tiles/tile_0061.png
  artifactKey: Guid(53a085b01a9111d45bc9d1223cbeeb56) Importer(2089858483,b0f066a214c2f5e87bad3c948f4d605d)
Start importing Assets/kenney_pixel-platformer/Tiles/tile_0061.png using Guid(53a085b01a9111d45bc9d1223cbeeb56) Importer(2089858483,b0f066a214c2f5e87bad3c948f4d605d) (ScriptedImporter) -> (artifact id: '069c431ae3e4e82b67a033a5e18b7548') in 0.0157607 seconds
Number of updated asset objects reloaded before import = 0Number of asset objects unloaded after import = 3

========================================================================
Received Import Request.
  Time since last request: 0.000014 seconds.
  path: Assets/kenney_pixel-platformer/Tiles/Characters/tile_0010.png
  artifactKey: Guid(56d8988aac8b6fa439bd38d5159d18db) Importer(2089858483,b0f066a214c2f5e87bad3c948f4d605d)
Start importing Assets/kenney_pixel-platformer/Tiles/Characters/tile_0010.png using Guid(56d8988aac8b6fa439bd38d5159d18db) Importer(2089858483,b0f066a214c2f5e87bad3c948f4d605d) (ScriptedImporter) -> (artifact id: 'a9deeefc94b19dfb83cd1dac5be44df9') in 0.0163944 seconds
Number of updated asset objects reloaded before import = 0Number of asset objects unloaded after import = 3

========================================================================
Received Import Request.
  Time since last request: 0.000013 seconds.
  path: Assets/kenney_pixel-platformer/Tiles/tile_0089.png
  artifactKey: Guid(69cf017aed15fca4982af0e7ab25b819) Importer(2089858483,b0f066a214c2f5e87bad3c948f4d605d)
Start importing Assets/kenney_pixel-platformer/Tiles/tile_0089.png using Guid(69cf017aed15fca4982af0e7ab25b819) Importer(2089858483,b0f066a214c2f5e87bad3c948f4d605d) (ScriptedImporter) -> (artifact id: '5c144dc1132f43fd899378ee2f62c88e') in 0.014667 seconds
Number of updated asset objects reloaded before import = 0Number of asset objects unloaded after import = 3

========================================================================
Received Import Request.
  Time since last request: 0.000014 seconds.
  path: Assets/kenney_pixel-platformer/Tiles/Characters/tile_0005.png
  artifactKey: Guid(cbff33676df42b3418f81c902f6a921c) Importer(2089858483,b0f066a214c2f5e87bad3c948f4d605d)
Start importing Assets/kenney_pixel-platformer/Tiles/Characters/tile_0005.png using Guid(cbff33676df42b3418f81c902f6a921c) Importer(2089858483,b0f066a214c2f5e87bad3c948f4d605d) (ScriptedImporter) -> (artifact id: '8467797cf8ab7cbd3757764413de7609') in 0.0174193 seconds
Number of updated asset objects reloaded before import = 0Number of asset objects unloaded after import = 3

========================================================================
Received Import Request.
  Time since last request: 0.000023 seconds.
  path: Assets/kenney_pixel-platformer/Tiles/tile_0158.png
  artifactKey: Guid(cc7597b111b5b034ca1c0cd97858c853) Importer(2089858483,b0f066a214c2f5e87bad3c948f4d605d)
Start importing Assets/kenney_pixel-platformer/Tiles/tile_0158.png using Guid(cc7597b111b5b034ca1c0cd97858c853) Importer(2089858483,b0f066a214c2f5e87bad3c948f4d605d) (ScriptedImporter) -> (artifact id: 'a4945c3601614a32854d295ee0b06f4a') in 0.0149961 seconds
Number of updated asset objects reloaded before import = 0Number of asset objects unloaded after import = 3

========================================================================
Received Import Request.
  Time since last request: 0.000013 seconds.
  path: Assets/kenney_pixel-platformer/Tiles/tile_0099.png
  artifactKey: Guid(2712275c2035dbb4e94677d62e22f839) Importer(2089858483,b0f066a214c2f5e87bad3c948f4d605d)
Start importing Assets/kenney_pixel-platformer/Tiles/tile_0099.png using Guid(2712275c2035dbb4e94677d62e22f839) Importer(2089858483,b0f066a214c2f5e87bad3c948f4d605d) (ScriptedImporter) -> (artifact id: '34822a66247a939a7565b9610399e0d6') in 0.0171548 seconds
Number of updated asset objects reloaded before import = 0Number of asset objects unloaded after import = 3

========================================================================
Received Import Request.
  Time since last request: 0.000014 seconds.
  path: Assets/kenney_pixel-platformer/Tiles/tile_0144.png
  artifactKey: Guid(0f2d05d607572004f8ddbd48d09ca61a) Importer(2089858483,b0f066a214c2f5e87bad3c948f4d605d)
Start importing Assets/kenney_pixel-platformer/Tiles/tile_0144.png using Guid(0f2d05d607572004f8ddbd48d09ca61a) Importer(2089858483,b0f066a214c2f5e87bad3c948f4d605d) (ScriptedImporter) -> (artifact id: '3e69f6a60e009b023f3cdf158b65b9da') in 0.018494 seconds
Number of updated asset objects reloaded before import = 0Number of asset objects unloaded after import = 3

========================================================================
Received Import Request.
  Time since last request: 0.000018 seconds.
  path: Assets/kenney_pixel-platformer/Tiles/Characters/tile_0013.png
  artifactKey: Guid(29a28c7f1760aee4db503e535c4bb01e) Importer(2089858483,b0f066a214c2f5e87bad3c948f4d605d)
Start importing Assets/kenney_pixel-platformer/Tiles/Characters/tile_0013.png using Guid(29a28c7f1760aee4db503e535c4bb01e) Importer(2089858483,b0f066a214c2f5e87bad3c948f4d605d) (ScriptedImporter) -> (artifact id: 'ff320a660dbef0bb764eef5f10b6e986') in 0.0162406 seconds
Number of updated asset objects reloaded before import = 0Number of asset objects unloaded after import = 3

========================================================================
Received Import Request.
  Time since last request: 0.000016 seconds.
  path: Assets/kenney_pixel-platformer/Tiles/tile_0169.png
  artifactKey: Guid(2dfbb4cc27796ef4b889052eeedfdb8e) Importer(2089858483,b0f066a214c2f5e87bad3c948f4d605d)
Start importing Assets/kenney_pixel-platformer/Tiles/tile_0169.png using Guid(2dfbb4cc27796ef4b889052eeedfdb8e) Importer(2089858483,b0f066a214c2f5e87bad3c948f4d605d) (ScriptedImporter) -> (artifact id: 'aed2aa719f90920bdb48a98cebd09519') in 0.0165071 seconds
Number of updated asset objects reloaded before import = 0Number of asset objects unloaded after import = 3

========================================================================
Received Import Request.
  Time since last request: 0.000025 seconds.
  path: Assets/kenney_pixel-platformer/Tiles/tile_0058.png
  artifactKey: Guid(58a031a25ae7a1246872d7f8711eb3db) Importer(2089858483,b0f066a214c2f5e87bad3c948f4d605d)
Start importing Assets/kenney_pixel-platformer/Tiles/tile_0058.png using Guid(58a031a25ae7a1246872d7f8711eb3db) Importer(2089858483,b0f066a214c2f5e87bad3c948f4d605d) (ScriptedImporter) -> (artifact id: 'dfbe36b95f35e64d5da762a2bd9a0a40') in 0.0167728 seconds
Number of updated asset objects reloaded before import = 0Number of asset objects unloaded after import = 3

========================================================================
Received Import Request.
  Time since last request: 0.000015 seconds.
  path: Assets/kenney_pixel-platformer/Tiles/tile_0017.png
  artifactKey: Guid(34179241a0f480343a7c55f736033d49) Importer(2089858483,b0f066a214c2f5e87bad3c948f4d605d)
Start importing Assets/kenney_pixel-platformer/Tiles/tile_0017.png using Guid(34179241a0f480343a7c55f736033d49) Importer(2089858483,b0f066a214c2f5e87bad3c948f4d605d) (ScriptedImporter) -> (artifact id: 'c776a1f1ec60b306d8e2aabe27282e2e') in 0.0153643 seconds
Number of updated asset objects reloaded before import = 0Number of asset objects unloaded after import = 3

========================================================================
Received Import Request.
  Time since last request: 0.000026 seconds.
  path: Assets/kenney_pixel-platformer/Tiles/tile_0051.png
  artifactKey: Guid(65fd607da09b3094bb8c6ac3db1aab6d) Importer(2089858483,b0f066a214c2f5e87bad3c948f4d605d)
Start importing Assets/kenney_pixel-platformer/Tiles/tile_0051.png using Guid(65fd607da09b3094bb8c6ac3db1aab6d) Importer(2089858483,b0f066a214c2f5e87bad3c948f4d605d) (ScriptedImporter) -> (artifact id: '010a9f7e0d88590874bebb10aba29a22') in 0.0179293 seconds
Number of updated asset objects reloaded before import = 0Number of asset objects unloaded after import = 3

========================================================================
Received Import Request.
  Time since last request: 0.000020 seconds.
  path: Assets/kenney_pixel-platformer/Tiled/tileset-tiles.tsx
  artifactKey: Guid(a0de6014e3d09b14892186b0a68ec942) Importer(2089858483,b0f066a214c2f5e87bad3c948f4d605d)
Start importing Assets/kenney_pixel-platformer/Tiled/tileset-tiles.tsx using Guid(a0de6014e3d09b14892186b0a68ec942) Importer(2089858483,b0f066a214c2f5e87bad3c948f4d605d) (ScriptedImporter) -> (artifact id: '3bd33032bc0b9f558cc684d3638541ed') in 0.0106166 seconds
Number of updated asset objects reloaded before import = 0Number of asset objects unloaded after import = 1

========================================================================
Received Import Request.
  Time since last request: 0.000020 seconds.
  path: Assets/kenney_pixel-platformer/Tilesheet (Backgrounds).txt
  artifactKey: Guid(da07fc405126cb1428510de2fd53e612) Importer(2089858483,b0f066a214c2f5e87bad3c948f4d605d)
Start importing Assets/kenney_pixel-platformer/Tilesheet (Backgrounds).txt using Guid(da07fc405126cb1428510de2fd53e612) Importer(2089858483,b0f066a214c2f5e87bad3c948f4d605d) (ScriptedImporter) -> (artifact id: 'a4124df6ab495d6e2ea817395f89198d') in 0.0137224 seconds
Number of updated asset objects reloaded before import = 0Number of asset objects unloaded after import = 1

========================================================================
Received Import Request.
  Time since last request: 0.000026 seconds.
  path: Assets/kenney_pixel-platformer/Tiles/tile_0063.png
  artifactKey: Guid(6f69c16fbb2216d488031ca73f505437) Importer(2089858483,b0f066a214c2f5e87bad3c948f4d605d)
Start importing Assets/kenney_pixel-platformer/Tiles/tile_0063.png using Guid(6f69c16fbb2216d488031ca73f505437) Importer(2089858483,b0f066a214c2f5e87bad3c948f4d605d) (ScriptedImporter) -> (artifact id: 'fc652b08b718657ea9c6cf611db353ec') in 0.0155986 seconds
Number of updated asset objects reloaded before import = 0Number of asset objects unloaded after import = 3

========================================================================
Received Import Request.
  Time since last request: 0.000016 seconds.
  path: Assets/kenney_pixel-platformer/Tiles/Characters/tile_0018.png
  artifactKey: Guid(9299d50c9a041e34a9c739cc04f89fc6) Importer(2089858483,b0f066a214c2f5e87bad3c948f4d605d)
Start importing Assets/kenney_pixel-platformer/Tiles/Characters/tile_0018.png using Guid(9299d50c9a041e34a9c739cc04f89fc6) Importer(2089858483,b0f066a214c2f5e87bad3c948f4d605d) (ScriptedImporter) -> (artifact id: 'd9e4353949aa9c455c7078bfbcea9e7d') in 0.0167173 seconds
Number of updated asset objects reloaded before import = 0Number of asset objects unloaded after import = 3

========================================================================
Received Import Request.
  Time since last request: 0.000016 seconds.
  path: Assets/kenney_pixel-platformer/Tiles/tile_0082.png
  artifactKey: Guid(2ea681e049f152a4f8cdd531c2e9fd4e) Importer(2089858483,b0f066a214c2f5e87bad3c948f4d605d)
Start importing Assets/kenney_pixel-platformer/Tiles/tile_0082.png using Guid(2ea681e049f152a4f8cdd531c2e9fd4e) Importer(2089858483,b0f066a214c2f5e87bad3c948f4d605d) (ScriptedImporter) -> (artifact id: '202b4813da18b28550e2b281f94cd8e1') in 0.015418 seconds
Number of updated asset objects reloaded before import = 0Number of asset objects unloaded after import = 3

========================================================================
Received Prepare
Refreshing native plugins compatible for Editor in 1.52 ms, found 4 plugins.
Preloading 0 native plugins for Editor in 0.00 ms.
Unloading 16 Unused Serialized files (Serialized files now loaded: 0)
Unloading 6933 unused Assets / (4.2 MB). Loaded Objects now: 7906.
Memory consumption went from 157.3 MB to 153.1 MB.
Total: 14.313500 ms (FindLiveObjects: 1.445600 ms CreateObjectMapping: 1.665800 ms MarkObjects: 7.801600 ms  DeleteObjects: 3.399200 ms)

Prepare: number of updated asset objects reloaded= 0
Editor requested this worker to shutdown with reason: Scaling down because of idle timeout
AssetImportWorker is now disconnected from the server
Process exiting
Exiting without the bug reporter. Application will terminate with return code 0